../Core/Src/rc522.c:32:9:SPI1SendByte	32	static
../Core/Src/rc522.c:51:6:SPI1_WriteReg	16	static
../Core/Src/rc522.c:58:9:SPI1_ReadReg	24	static
../Core/Src/rc522.c:68:6:MFRC522_WriteRegister	16	static
../Core/Src/rc522.c:73:9:MFRC522_ReadRegister	24	static
../Core/Src/rc522.c:81:9:MFRC522_Check	24	static
../Core/Src/rc522.c:89:9:MFRC522_Compare	24	static
../Core/Src/rc522.c:97:6:MFRC522_SetBitMask	16	static
../Core/Src/rc522.c:101:6:MFRC522_ClearBitMask	16	static
../Core/Src/rc522.c:105:9:MFRC522_Request	32	static
../Core/Src/rc522.c:116:9:MFRC522_ToCard	40	static
../Core/Src/rc522.c:179:9:MFRC522_Anticoll	32	static
../Core/Src/rc522.c:197:6:MFRC522_CalculateCRC	40	static
../Core/Src/rc522.c:220:9:MFRC522_SelectTag	40	static
../Core/Src/rc522.c:236:9:MFRC522_Auth	48	static
../Core/Src/rc522.c:252:9:MFRC522_Read	32	static
../Core/Src/rc522.c:264:9:MFRC522_Write	48	static
../Core/Src/rc522.c:285:6:MFRC522_Init	8	static
../Core/Src/rc522.c:297:6:MFRC522_Reset	8	static
../Core/Src/rc522.c:301:6:MFRC522_AntennaOn	16	static
../Core/Src/rc522.c:308:6:MFRC522_AntennaOff	8	static
../Core/Src/rc522.c:312:6:MFRC522_Halt	24	static
